// Jest Snapshot v1, https://goo.gl/fbAQLP

exports[`ErrorPage renders correctly 1`] = `
<pagecard-stub minheight="true" cardclass="px-5" cardpadding="px-6 py-4">
  <!---->
  <h2 class="mb-2 font-weight-bold display-2">
    Error
  </h2>
  <p>Error message</p>
  <!---->
</pagecard-stub>
`;
